
> football-forecast@1.0.0 build:server
> tsc -p tsconfig.server.json && tsc-alias -p tsconfig.server.json

server/index.ts(6,40): error TS2835: Relative import paths need explicit file extensions in ECMAScript imports when '--moduleResolution' is 'node16' or 'nodenext'. Did you mean './config/index.js'?
server/index.ts(7,38): error TS2835: Relative import paths need explicit file extensions in ECMAScript imports when '--moduleResolution' is 'node16' or 'nodenext'. Did you mean './lib/config-validator.js'?
server/index.ts(27,35): error TS2835: Relative import paths need explicit file extensions in ECMAScript imports when '--moduleResolution' is 'node16' or 'nodenext'. Did you mean './websocket.js'?
server/index.ts(46,33): error TS2835: Relative import paths need explicit file extensions in ECMAScript imports when '--moduleResolution' is 'node16' or 'nodenext'. Did you mean './websocket.js'?
server/index.ts(64,40): error TS2835: Relative import paths need explicit file extensions in ECMAScript imports when '--moduleResolution' is 'node16' or 'nodenext'. Did you mean './vite.js'?
server/index.ts(65,27): error TS2835: Relative import paths need explicit file extensions in ECMAScript imports when '--moduleResolution' is 'node16' or 'nodenext'. Did you mean './routers/api.js'?
server/index.ts(66,94): error TS2835: Relative import paths need explicit file extensions in ECMAScript imports when '--moduleResolution' is 'node16' or 'nodenext'. Did you mean './middleware/index.js'?
server/index.ts(67,20): error TS2835: Relative import paths need explicit file extensions in ECMAScript imports when '--moduleResolution' is 'node16' or 'nodenext'. Did you mean './middleware/logger.js'?
server/lib/data-seeder.ts(3,27): error TS2835: Relative import paths need explicit file extensions in ECMAScript imports when '--moduleResolution' is 'node16' or 'nodenext'. Did you mean '../../client/src/lib/api-client.js'?
server/lib/data-seeder.ts(33,47): error TS7031: Binding element 'team' implicitly has an 'any' type.
server/lib/scheduler.ts(4,27): error TS2835: Relative import paths need explicit file extensions in ECMAScript imports when '--moduleResolution' is 'node16' or 'nodenext'. Did you mean '../../client/src/lib/api-client.js'?
server/lib/scheduler.ts(465,71): error TS7006: Parameter 'f' implicitly has an 'any' type.
server/middleware/index.ts(5,36): error TS2835: Relative import paths need explicit file extensions in ECMAScript imports when '--moduleResolution' is 'node16' or 'nodenext'. Did you mean './logger.js'?
server/middleware/index.ts(6,71): error TS2835: Relative import paths need explicit file extensions in ECMAScript imports when '--moduleResolution' is 'node16' or 'nodenext'. Did you mean './auth.js'?
server/middleware/index.ts(7,43): error TS2835: Relative import paths need explicit file extensions in ECMAScript imports when '--moduleResolution' is 'node16' or 'nodenext'. Did you mean './auth.js'?
server/middleware/index.ts(8,91): error TS2835: Relative import paths need explicit file extensions in ECMAScript imports when '--moduleResolution' is 'node16' or 'nodenext'. Did you mean './rateLimiting.js'?
server/middleware/index.ts(15,8): error TS2835: Relative import paths need explicit file extensions in ECMAScript imports when '--moduleResolution' is 'node16' or 'nodenext'. Did you mean './errorMonitoring.js'?
server/middleware/index.ts(25,8): error TS2835: Relative import paths need explicit file extensions in ECMAScript imports when '--moduleResolution' is 'node16' or 'nodenext'. Did you mean './performance.js'?
server/middleware/index.ts(26,33): error TS2835: Relative import paths need explicit file extensions in ECMAScript imports when '--moduleResolution' is 'node16' or 'nodenext'. Did you mean './security.js'?
server/middleware/index.ts(36,8): error TS2835: Relative import paths need explicit file extensions in ECMAScript imports when '--moduleResolution' is 'node16' or 'nodenext'. Did you mean './errorHandler.js'?
server/middleware/index.ts(37,37): error TS2835: Relative import paths need explicit file extensions in ECMAScript imports when '--moduleResolution' is 'node16' or 'nodenext'. Did you mean './errorHandler.js'?
server/routers/api.ts(2,30): error TS2835: Relative import paths need explicit file extensions in ECMAScript imports when '--moduleResolution' is 'node16' or 'nodenext'. Did you mean './health.js'?
server/routers/api.ts(3,32): error TS2835: Relative import paths need explicit file extensions in ECMAScript imports when '--moduleResolution' is 'node16' or 'nodenext'. Did you mean './fixtures.js'?
server/routers/api.ts(4,31): error TS2835: Relative import paths need explicit file extensions in ECMAScript imports when '--moduleResolution' is 'node16' or 'nodenext'. Did you mean './leagues.js'?
server/routers/api.ts(5,33): error TS2835: Relative import paths need explicit file extensions in ECMAScript imports when '--moduleResolution' is 'node16' or 'nodenext'. Did you mean './standings.js'?
server/routers/api.ts(6,29): error TS2835: Relative import paths need explicit file extensions in ECMAScript imports when '--moduleResolution' is 'node16' or 'nodenext'. Did you mean './teams.js'?
server/routers/api.ts(7,35): error TS2835: Relative import paths need explicit file extensions in ECMAScript imports when '--moduleResolution' is 'node16' or 'nodenext'. Did you mean './predictions.js'?
server/routers/api.ts(8,35): error TS2835: Relative import paths need explicit file extensions in ECMAScript imports when '--moduleResolution' is 'node16' or 'nodenext'. Did you mean './scraped-data.js'?
server/routers/api.ts(9,33): error TS2835: Relative import paths need explicit file extensions in ECMAScript imports when '--moduleResolution' is 'node16' or 'nodenext'. Did you mean './scheduler.js'?
server/routers/api.ts(10,28): error TS2835: Relative import paths need explicit file extensions in ECMAScript imports when '--moduleResolution' is 'node16' or 'nodenext'. Did you mean './auth.js'?
server/routers/api.ts(11,26): error TS2835: Relative import paths need explicit file extensions in ECMAScript imports when '--moduleResolution' is 'node16' or 'nodenext'. Did you mean './ml.js'?
server/routers/api.ts(12,38): error TS2835: Relative import paths need explicit file extensions in ECMAScript imports when '--moduleResolution' is 'node16' or 'nodenext'. Did you mean '../middleware/index.js'?
server/routers/api.ts(13,35): error TS2835: Relative import paths need explicit file extensions in ECMAScript imports when '--moduleResolution' is 'node16' or 'nodenext'. Did you mean './diagnostics.js'?
server/routers/api.ts(14,33): error TS2835: Relative import paths need explicit file extensions in ECMAScript imports when '--moduleResolution' is 'node16' or 'nodenext'. Did you mean './telemetry.js'?
server/routers/auth.ts(90,49): error TS7006: Parameter 'req' implicitly has an 'any' type.
server/routers/auth.ts(90,54): error TS7006: Parameter 'res' implicitly has an 'any' type.
server/routers/auth.ts(142,48): error TS7006: Parameter 'req' implicitly has an 'any' type.
server/routers/auth.ts(142,53): error TS7006: Parameter 'res' implicitly has an 'any' type.
server/routers/auth.ts(151,51): error TS7006: Parameter 'req' implicitly has an 'any' type.
server/routers/auth.ts(151,56): error TS7006: Parameter 'res' implicitly has an 'any' type.
server/routers/auth.ts(184,47): error TS7006: Parameter 'req' implicitly has an 'any' type.
server/routers/auth.ts(184,52): error TS7006: Parameter 'res' implicitly has an 'any' type.
server/routers/fixtures.ts(174,49): error TS7006: Parameter 'req' implicitly has an 'any' type.
server/routers/fixtures.ts(174,54): error TS7006: Parameter 'res' implicitly has an 'any' type.
server/routers/fixtures.ts(180,45): error TS7006: Parameter 'req' implicitly has an 'any' type.
server/routers/fixtures.ts(180,50): error TS7006: Parameter 'res' implicitly has an 'any' type.
server/routers/health.ts(19,49): error TS7006: Parameter 'req' implicitly has an 'any' type.
server/routers/health.ts(19,54): error TS7006: Parameter 'res' implicitly has an 'any' type.
server/routers/health.ts(68,57): error TS7006: Parameter 'req' implicitly has an 'any' type.
server/routers/health.ts(68,62): error TS7006: Parameter 'res' implicitly has an 'any' type.
server/routers/health.ts(82,50): error TS7006: Parameter 'req' implicitly has an 'any' type.
server/routers/health.ts(82,55): error TS7006: Parameter 'res' implicitly has an 'any' type.
server/routers/health.ts(153,58): error TS7006: Parameter 'req' implicitly has an 'any' type.
server/routers/health.ts(153,63): error TS7006: Parameter 'res' implicitly has an 'any' type.
server/routers/health.ts(192,52): error TS7006: Parameter 'req' implicitly has an 'any' type.
server/routers/health.ts(192,57): error TS7006: Parameter 'res' implicitly has an 'any' type.
server/routers/leagues.ts(10,44): error TS7006: Parameter 'req' implicitly has an 'any' type.
server/routers/leagues.ts(10,49): error TS7006: Parameter 'res' implicitly has an 'any' type.
server/routers/ml.ts(30,51): error TS7006: Parameter 'req' implicitly has an 'any' type.
server/routers/ml.ts(30,56): error TS7006: Parameter 'res' implicitly has an 'any' type.
server/routers/ml.ts(110,53): error TS7006: Parameter 'req' implicitly has an 'any' type.
server/routers/ml.ts(110,58): error TS7006: Parameter 'res' implicitly has an 'any' type.
server/routers/ml.ts(181,45): error TS7006: Parameter 'req' implicitly has an 'any' type.
server/routers/ml.ts(181,50): error TS7006: Parameter 'res' implicitly has an 'any' type.
server/routers/ml.ts(222,66): error TS7006: Parameter 'req' implicitly has an 'any' type.
server/routers/ml.ts(222,71): error TS7006: Parameter 'res' implicitly has an 'any' type.
server/routers/ml.ts(303,69): error TS7006: Parameter 'req' implicitly has an 'any' type.
server/routers/ml.ts(303,74): error TS7006: Parameter 'res' implicitly has an 'any' type.
server/routers/predictions.ts(12,57): error TS7006: Parameter 'req' implicitly has an 'any' type.
server/routers/predictions.ts(12,62): error TS7006: Parameter 'res' implicitly has an 'any' type.
server/routers/predictions.ts(99,58): error TS7006: Parameter 'req' implicitly has an 'any' type.
server/routers/predictions.ts(99,63): error TS7006: Parameter 'res' implicitly has an 'any' type.
server/routers/scheduler.ts(8,52): error TS7006: Parameter 'req' implicitly has an 'any' type.
server/routers/scheduler.ts(8,57): error TS7006: Parameter 'res' implicitly has an 'any' type.
server/routers/scraped-data.ts(11,49): error TS7006: Parameter 'req' implicitly has an 'any' type.
server/routers/scraped-data.ts(11,54): error TS7006: Parameter 'res' implicitly has an 'any' type.
server/routers/scraped-data.ts(65,48): error TS7006: Parameter 'req' implicitly has an 'any' type.
server/routers/scraped-data.ts(65,53): error TS7006: Parameter 'res' implicitly has an 'any' type.
server/routers/scraped-data.ts(79,72): error TS7006: Parameter 'req' implicitly has an 'any' type.
server/routers/scraped-data.ts(79,77): error TS7006: Parameter 'res' implicitly has an 'any' type.
server/routers/standings.ts(147,46): error TS7006: Parameter 'req' implicitly has an 'any' type.
server/routers/standings.ts(147,51): error TS7006: Parameter 'res' implicitly has an 'any' type.
server/routers/standings.ts(157,72): error TS7006: Parameter 'req' implicitly has an 'any' type.
server/routers/standings.ts(157,77): error TS7006: Parameter 'res' implicitly has an 'any' type.
server/routers/stats.ts(26,42): error TS7006: Parameter 'req' implicitly has an 'any' type.
server/routers/stats.ts(26,47): error TS7006: Parameter 'res' implicitly has an 'any' type.
server/routers/teams.ts(10,42): error TS7006: Parameter 'req' implicitly has an 'any' type.
server/routers/teams.ts(10,47): error TS7006: Parameter 'res' implicitly has an 'any' type.
server/routers/teams.ts(29,47): error TS7006: Parameter 'req' implicitly has an 'any' type.
server/routers/teams.ts(29,52): error TS7006: Parameter 'res' implicitly has an 'any' type.
server/routers/teams.ts(39,55): error TS7006: Parameter 'req' implicitly has an 'any' type.
server/routers/teams.ts(39,60): error TS7006: Parameter 'res' implicitly has an 'any' type.
server/websocket.ts(5,33): error TS2835: Relative import paths need explicit file extensions in ECMAScript imports when '--moduleResolution' is 'node16' or 'nodenext'. Did you mean './routers/auth.js'?
server/websocket.ts(6,30): error TS2307: Cannot find module '@shared/schema' or its corresponding type declarations.
