client/src/pages/dashboard.tsx(44,56): error TS2339: Property 'fallbackFixtures' does not exist on type 'TelemetryMetrics'.
client/src/pages/dashboard.tsx(44,97): error TS2339: Property 'fallbackFixtures' does not exist on type 'TelemetryMetrics'.
